
samya@Samyak MINGW64 ~
$ cd desktop

samya@Samyak MINGW64 ~/desktop
$ mdkir git_exp
bash: mdkir: command not found

samya@Samyak MINGW64 ~/desktop
$ mkdir git_exp

samya@Samyak MINGW64 ~/desktop
$ cd git_exp

samya@Samyak MINGW64 ~/desktop/git_exp
$ init
bash: init: command not found

samya@Samyak MINGW64 ~/desktop/git_exp
$ git init
Initialized empty Git repository in C:/Users/samya/Desktop/git_exp/.git/

samya@Samyak MINGW64 ~/desktop/git_exp (master)
$ ls
index.html

samya@Samyak MINGW64 ~/desktop/git_exp (master)
$ git status
On branch master

No commits yet

Untracked files:
  (use "git add <file>..." to include in what will be committed)
        index.html

nothing added to commit but untracked files present (use "git add" to track)

samya@Samyak MINGW64 ~/desktop/git_exp (master)
$ git add index.html

samya@Samyak MINGW64 ~/desktop/git_exp (master)
$ git status
On branch master

No commits yet

Changes to be committed:
  (use "git rm --cached <file>..." to unstage)
        new file:   index.html


samya@Samyak MINGW64 ~/desktop/git_exp (master)
$ git add --all

samya@Samyak MINGW64 ~/desktop/git_exp (master)
$ git status\
> ;
On branch master

No commits yet

Changes to be committed:
  (use "git rm --cached <file>..." to unstage)
        new file:   index.html
        new file:   style.css


samya@Samyak MINGW64 ~/desktop/git_exp (master)
$ git commit -m "Demo for Git"
Author identity unknown

*** Please tell me who you are.

Run

  git config --global user.email "you@example.com"
  git config --global user.name "Your Name"

to set your account's default identity.
Omit --global to set the identity only in this repository.

fatal: unable to auto-detect email address (got 'samya@Samyak.(none)')

samya@Samyak MINGW64 ~/desktop/git_exp (master)
$ git config --global user.email "samyakswain50@gmail.com"

samya@Samyak MINGW64 ~/desktop/git_exp (master)
$ git commit -m "Demo for Git"
[master (root-commit) 79ae6aa] Demo for Git
 2 files changed, 21 insertions(+)
 create mode 100644 index.html
 create mode 100644 style.css

samya@Samyak MINGW64 ~/desktop/git_exp (master)
$ git status --short

samya@Samyak MINGW64 ~/desktop/git_exp (master)
$ git branch hello-world-images

samya@Samyak MINGW64 ~/desktop/git_exp (master)
$ git branch
  hello-world-images
* master

samya@Samyak MINGW64 ~/desktop/git_exp (master)
$ git checkout hello-world-images
Switched to branch 'hello-world-images'

samya@Samyak MINGW64 ~/desktop/git_exp (hello-world-images)
$ git status
On branch hello-world-images
nothing to commit, working tree clean

samya@Samyak MINGW64 ~/desktop/git_exp (hello-world-images)
$ git checkout hello-world-imagessamya@Samyak MINGW64 ~